Release 14.7 - xst P.20131013 (nt64)
Copyright (c) 1995-2013 Xilinx, Inc.  All rights reserved.
--> Parameter TMPDIR set to xst/projnav.tmp


Total REAL time to Xst completion: 0.00 secs
Total CPU time to Xst completion: 0.05 secs
 
--> Parameter xsthdpdir set to xst


Total REAL time to Xst completion: 0.00 secs
Total CPU time to Xst completion: 0.06 secs
 
--> Reading design: FullAdder.prj

TABLE OF CONTENTS
  1) Synthesis Options Summary
  2) HDL Parsing
  3) HDL Elaboration
  4) HDL Synthesis
       4.1) HDL Synthesis Report
  5) Advanced HDL Synthesis
       5.1) Advanced HDL Synthesis Report
  6) Low Level Synthesis
  7) Partition Report
  8) Design Summary
       8.1) Primitive and Black Box Usage
       8.2) Device utilization summary
       8.3) Partition Resource Summary
       8.4) Timing Report
            8.4.1) Clock Information
            8.4.2) Asynchronous Control Signals Information
            8.4.3) Timing Summary
            8.4.4) Timing Details
            8.4.5) Cross Clock Domains Report


=========================================================================
*                      Synthesis Options Summary                        *
=========================================================================
---- Source Parameters
Input File Name                    : "FullAdder.prj"
Ignore Synthesis Constraint File   : NO

---- Target Parameters
Output File Name                   : "FullAdder"
Output Format                      : NGC
Target Device                      : xc7a100t-3-csg324

---- Source Options
Top Module Name                    : FullAdder
Automatic FSM Extraction           : YES
FSM Encoding Algorithm             : Auto
Safe Implementation                : No
FSM Style                          : LUT
RAM Extraction                     : Yes
RAM Style                          : Auto
ROM Extraction                     : Yes
Shift Register Extraction          : YES
ROM Style                          : Auto
Resource Sharing                   : YES
Asynchronous To Synchronous        : NO
Shift Register Minimum Size        : 2
Use DSP Block                      : Auto
Automatic Register Balancing       : No

---- Target Options
LUT Combining                      : Auto
Reduce Control Sets                : Auto
Add IO Buffers                     : YES
Global Maximum Fanout              : 100000
Add Generic Clock Buffer(BUFG)     : 32
Register Duplication               : YES
Optimize Instantiated Primitives   : NO
Use Clock Enable                   : Auto
Use Synchronous Set                : Auto
Use Synchronous Reset              : Auto
Pack IO Registers into IOBs        : Auto
Equivalent register Removal        : YES

---- General Options
Optimization Goal                  : Speed
Optimization Effort                : 1
Power Reduction                    : NO
Keep Hierarchy                     : No
Netlist Hierarchy                  : As_Optimized
RTL Output                         : Yes
Global Optimization                : AllClockNets
Read Cores                         : YES
Write Timing Constraints           : NO
Cross Clock Analysis               : NO
Hierarchy Separator                : /
Bus Delimiter                      : <>
Case Specifier                     : Maintain
Slice Utilization Ratio            : 100
BRAM Utilization Ratio             : 100
DSP48 Utilization Ratio            : 100
Auto BRAM Packing                  : NO
Slice Utilization Ratio Delta      : 5

=========================================================================


=========================================================================
*                          HDL Parsing                                  *
=========================================================================
Parsing VHDL file "E:\VHDLProjects\MajorTask_Phase1_Part2\FullAdder.vhd" into library work
Parsing entity <FullAdder>.
Parsing architecture <Behavioral> of entity <fulladder>.

=========================================================================
*                            HDL Elaboration                            *
=========================================================================

Elaborating entity <FullAdder> (architecture <Behavioral>) from library <work>.

=========================================================================
*                           HDL Synthesis                               *
=========================================================================

Synthesizing Unit <FullAdder>.
    Related source file is "E:\VHDLProjects\MajorTask_Phase1_Part2\FullAdder.vhd".
    Found 33-bit adder for signal <n0047> created at line 24.
    Found 33-bit adder for signal <temp> created at line 24.
    Found 1-bit tristate buffer for signal <CarryINVector<31>> created at line 20
    Found 1-bit tristate buffer for signal <CarryINVector<30>> created at line 20
    Found 1-bit tristate buffer for signal <CarryINVector<29>> created at line 20
    Found 1-bit tristate buffer for signal <CarryINVector<28>> created at line 20
    Found 1-bit tristate buffer for signal <CarryINVector<27>> created at line 20
    Found 1-bit tristate buffer for signal <CarryINVector<26>> created at line 20
    Found 1-bit tristate buffer for signal <CarryINVector<25>> created at line 20
    Found 1-bit tristate buffer for signal <CarryINVector<24>> created at line 20
    Found 1-bit tristate buffer for signal <CarryINVector<23>> created at line 20
    Found 1-bit tristate buffer for signal <CarryINVector<22>> created at line 20
    Found 1-bit tristate buffer for signal <CarryINVector<21>> created at line 20
    Found 1-bit tristate buffer for signal <CarryINVector<20>> created at line 20
    Found 1-bit tristate buffer for signal <CarryINVector<19>> created at line 20
    Found 1-bit tristate buffer for signal <CarryINVector<18>> created at line 20
    Found 1-bit tristate buffer for signal <CarryINVector<17>> created at line 20
    Found 1-bit tristate buffer for signal <CarryINVector<16>> created at line 20
    Found 1-bit tristate buffer for signal <CarryINVector<15>> created at line 20
    Found 1-bit tristate buffer for signal <CarryINVector<14>> created at line 20
    Found 1-bit tristate buffer for signal <CarryINVector<13>> created at line 20
    Found 1-bit tristate buffer for signal <CarryINVector<12>> created at line 20
    Found 1-bit tristate buffer for signal <CarryINVector<11>> created at line 20
    Found 1-bit tristate buffer for signal <CarryINVector<10>> created at line 20
    Found 1-bit tristate buffer for signal <CarryINVector<9>> created at line 20
    Found 1-bit tristate buffer for signal <CarryINVector<8>> created at line 20
    Found 1-bit tristate buffer for signal <CarryINVector<7>> created at line 20
    Found 1-bit tristate buffer for signal <CarryINVector<6>> created at line 20
    Found 1-bit tristate buffer for signal <CarryINVector<5>> created at line 20
    Found 1-bit tristate buffer for signal <CarryINVector<4>> created at line 20
    Found 1-bit tristate buffer for signal <CarryINVector<3>> created at line 20
    Found 1-bit tristate buffer for signal <CarryINVector<2>> created at line 20
    Found 1-bit tristate buffer for signal <CarryINVector<1>> created at line 20
    Found 1-bit tristate buffer for signal <CarryINVector<0>> created at line 20
    Summary:
	inferred   2 Adder/Subtractor(s).
	inferred  32 Tristate(s).
Unit <FullAdder> synthesized.

=========================================================================
HDL Synthesis Report

Macro Statistics
# Adders/Subtractors                                   : 2
 33-bit adder                                          : 2
# Tristates                                            : 32
 1-bit tristate buffer                                 : 32

=========================================================================

=========================================================================
*                       Advanced HDL Synthesis                          *
=========================================================================


=========================================================================
Advanced HDL Synthesis Report

Macro Statistics
# Adders/Subtractors                                   : 2
 33-bit adder                                          : 2

=========================================================================

=========================================================================
*                         Low Level Synthesis                           *
=========================================================================

Optimizing unit <FullAdder> ...

Mapping all equations...
Building and optimizing final netlist ...
Found area constraint ratio of 100 (+ 5) on block FullAdder, actual ratio is 0.

Final Macro Processing ...

=========================================================================
Final Register Report

Found no macro
=========================================================================

=========================================================================
*                           Partition Report                            *
=========================================================================

Partition Implementation Status
-------------------------------

  No Partitions were found in this design.

-------------------------------

=========================================================================
*                            Design Summary                             *
=========================================================================

Top Level Output File Name         : FullAdder.ngc

Primitive and Black Box Usage:
------------------------------
# BELS                             : 130
#      GND                         : 1
#      LUT2                        : 31
#      LUT3                        : 32
#      LUT4                        : 1
#      MUXCY                       : 32
#      XORCY                       : 33
# IO Buffers                       : 98
#      IBUF                        : 65
#      OBUF                        : 33

Device utilization summary:
---------------------------

Selected Device : 7a100tcsg324-3 


Slice Logic Utilization: 
 Number of Slice LUTs:                   64  out of  63400     0%  
    Number used as Logic:                64  out of  63400     0%  

Slice Logic Distribution: 
 Number of LUT Flip Flop pairs used:     64
   Number with an unused Flip Flop:      64  out of     64   100%  
   Number with an unused LUT:             0  out of     64     0%  
   Number of fully used LUT-FF pairs:     0  out of     64     0%  
   Number of unique control sets:         0

IO Utilization: 
 Number of IOs:                          98
 Number of bonded IOBs:                  98  out of    210    46%  

Specific Feature Utilization:

---------------------------
Partition Resource Summary:
---------------------------

  No Partitions were found in this design.

---------------------------


=========================================================================
Timing Report

NOTE: THESE TIMING NUMBERS ARE ONLY A SYNTHESIS ESTIMATE.
      FOR ACCURATE TIMING INFORMATION PLEASE REFER TO THE TRACE REPORT
      GENERATED AFTER PLACE-and-ROUTE.

Clock Information:
------------------
No clock signals found in this design

Asynchronous Control Signals Information:
----------------------------------------
No asynchronous control signals found in this design

Timing Summary:
---------------
Speed Grade: -3

   Minimum period: No path found
   Minimum input arrival time before clock: No path found
   Maximum output required time after clock: No path found
   Maximum combinational path delay: 2.698ns

Timing Details:
---------------
All values displayed in nanoseconds (ns)

=========================================================================
Timing constraint: Default path analysis
  Total number of paths / destination ports: 3264 / 33
-------------------------------------------------------------------------
Delay:               2.698ns (Levels of Logic = 36)
  Source:            Num1<0> (PAD)
  Destination:       CarryOUT (PAD)

  Data Path: Num1<0> to CarryOUT
                                Gate     Net
    Cell:in->out      fanout   Delay   Delay  Logical Name (Net Name)
    ----------------------------------------  ------------
     IBUF:I->O             2   0.001   0.516  Num1_0_IBUF (Num1_0_IBUF)
     LUT3:I0->O            1   0.097   0.295  Madd_temp (Madd_temp)
     LUT3:I2->O            1   0.097   0.000  Madd_temp_lut<0>1 (Madd_temp_lut<0>1)
     MUXCY:S->O            1   0.353   0.000  Madd_temp_cy<0>_0 (Madd_temp_cy<0>1)
     MUXCY:CI->O           1   0.023   0.000  Madd_temp_cy<0>_1 (Madd_temp_cy<0>2)
     MUXCY:CI->O           1   0.023   0.000  Madd_temp_cy<0>_2 (Madd_temp_cy<0>3)
     MUXCY:CI->O           1   0.023   0.000  Madd_temp_cy<0>_3 (Madd_temp_cy<0>4)
     MUXCY:CI->O           1   0.023   0.000  Madd_temp_cy<0>_4 (Madd_temp_cy<0>5)
     MUXCY:CI->O           1   0.023   0.000  Madd_temp_cy<0>_5 (Madd_temp_cy<0>6)
     MUXCY:CI->O           1   0.023   0.000  Madd_temp_cy<0>_6 (Madd_temp_cy<0>7)
     MUXCY:CI->O           1   0.023   0.000  Madd_temp_cy<0>_7 (Madd_temp_cy<0>8)
     MUXCY:CI->O           1   0.023   0.000  Madd_temp_cy<0>_8 (Madd_temp_cy<0>9)
     MUXCY:CI->O           1   0.023   0.000  Madd_temp_cy<0>_9 (Madd_temp_cy<0>10)
     MUXCY:CI->O           1   0.023   0.000  Madd_temp_cy<0>_10 (Madd_temp_cy<0>11)
     MUXCY:CI->O           1   0.023   0.000  Madd_temp_cy<0>_11 (Madd_temp_cy<0>12)
     MUXCY:CI->O           1   0.023   0.000  Madd_temp_cy<0>_12 (Madd_temp_cy<0>13)
     MUXCY:CI->O           1   0.023   0.000  Madd_temp_cy<0>_13 (Madd_temp_cy<0>14)
     MUXCY:CI->O           1   0.023   0.000  Madd_temp_cy<0>_14 (Madd_temp_cy<0>15)
     MUXCY:CI->O           1   0.023   0.000  Madd_temp_cy<0>_15 (Madd_temp_cy<0>16)
     MUXCY:CI->O           1   0.023   0.000  Madd_temp_cy<0>_16 (Madd_temp_cy<0>17)
     MUXCY:CI->O           1   0.023   0.000  Madd_temp_cy<0>_17 (Madd_temp_cy<0>18)
     MUXCY:CI->O           1   0.023   0.000  Madd_temp_cy<0>_18 (Madd_temp_cy<0>19)
     MUXCY:CI->O           1   0.023   0.000  Madd_temp_cy<0>_19 (Madd_temp_cy<0>20)
     MUXCY:CI->O           1   0.023   0.000  Madd_temp_cy<0>_20 (Madd_temp_cy<0>21)
     MUXCY:CI->O           1   0.023   0.000  Madd_temp_cy<0>_21 (Madd_temp_cy<0>22)
     MUXCY:CI->O           1   0.023   0.000  Madd_temp_cy<0>_22 (Madd_temp_cy<0>23)
     MUXCY:CI->O           1   0.023   0.000  Madd_temp_cy<0>_23 (Madd_temp_cy<0>24)
     MUXCY:CI->O           1   0.023   0.000  Madd_temp_cy<0>_24 (Madd_temp_cy<0>25)
     MUXCY:CI->O           1   0.023   0.000  Madd_temp_cy<0>_25 (Madd_temp_cy<0>26)
     MUXCY:CI->O           1   0.023   0.000  Madd_temp_cy<0>_26 (Madd_temp_cy<0>27)
     MUXCY:CI->O           1   0.023   0.000  Madd_temp_cy<0>_27 (Madd_temp_cy<0>28)
     MUXCY:CI->O           1   0.023   0.000  Madd_temp_cy<0>_28 (Madd_temp_cy<0>29)
     MUXCY:CI->O           1   0.023   0.000  Madd_temp_cy<0>_29 (Madd_temp_cy<0>30)
     MUXCY:CI->O           0   0.023   0.000  Madd_temp_cy<0>_30 (Madd_temp_cy<0>31)
     XORCY:CI->O           1   0.370   0.279  Madd_temp_xor<0>_31 (CarryOUT_OBUF)
     OBUF:I->O                 0.000          CarryOUT_OBUF (CarryOUT)
    ----------------------------------------
    Total                      2.698ns (1.608ns logic, 1.090ns route)
                                       (59.6% logic, 40.4% route)

=========================================================================

Cross Clock Domains Report:
--------------------------

=========================================================================


Total REAL time to Xst completion: 6.00 secs
Total CPU time to Xst completion: 5.79 secs
 
--> 

Total memory usage is 4619236 kilobytes

Number of errors   :    0 (   0 filtered)
Number of warnings :    0 (   0 filtered)
Number of infos    :    0 (   0 filtered)

